[backblue.gif]
[fade.gif]
[index.html]
[code.jquery.com/jquery-3.6.3.min.js]
[cdnjs.cloudflare.com/ajax/libs/font-awesome/6.2.1/css/all.min.css]
[raw.githubusercontent.com/notalicialol/Chocolet/refs/heads/main/frontend/public/logo.png]
[i.ibb.co/S4BD0J48/download.png]
[files.catbox.moe/rybwg5.png]
[chocolet1.glitch.me/index.html]
[chocolet1.glitch.me/js/themes.html]
[cdnjs.cloudflare.com/ajax/libs/font-awesome/6.2.1/css/all.min.css]
[chocolet1.glitch.me/main.css]
[use.fontawesome.com/releases/v5.2.0/css/all.css]
[ac.blooket.com/dashclassic/assets/index-BQ9cjwWZ.css]
[chocolet1.glitch.me/all.js]
[chocolet1.glitch.me/register.html]
[chocolet1.glitch.me/discord.html]
[chocolet1.glitch.me/login.html]
[use.fontawesome.com/releases/v5.2.0/css/all.css]
[ac.blooket.com/dashclassic/assets/index-BQ9cjwWZ.css]
[cdnjs.cloudflare.com/ajax/libs/font-awesome/6.3.0/css/all.min.css]
[chocolet1.glitch.me/news.js]
[i.ibb.co/WvCwh187/Screenshot-2025-06-01-1-06-41-AM.png]
[i.ibb.co/WN37SG3y/Copilot-20250601-120256-removebg-preview.png]
[i.ibb.co/Vtmp1Jq/speech-bubble-xxl.png]
[chocolet1.glitch.me/dashboard.html]
[chocolet1.glitch.me/_https_/i.ibb.co/S4BD0J48/download.html]
[chocolet1.glitch.me/themes.html]
[cdnjs.cloudflare.com/ajax/libs/font-awesome/6.3.0/css/all.min.css]
[chocolet1.glitch.me/js/stats.html]
[chocolet1.glitch.me/leaderboard.html]
[chocolet1.glitch.me/chat.html]
[raw.githubusercontent.com/BlacketWare/Blulet/refs/heads/master/media.blulet.org/packs/Blizzard.png]
[raw.githubusercontent.com/BlacketWare/Blulet/refs/heads/master/media.blulet.org/packs/Bot.png]
[raw.githubusercontent.com/BlacketWare/Blulet/refs/heads/master/media.blulet.org/packs/Breakfast.png]
[raw.githubusercontent.com/BlacketWare/Blulet/refs/heads/master/media.blulet.org/packs/Debug.png]
[raw.githubusercontent.com/BlacketWare/Blulet/refs/heads/master/media.blulet.org/packs/Dino.png]
[raw.githubusercontent.com/BlacketWare/Blulet/refs/heads/master/media.blulet.org/packs/Ice Monster.png]
[raw.githubusercontent.com/BlacketWare/Blulet/refs/heads/master/media.blulet.org/packs/Outback.png]
[raw.githubusercontent.com/BlacketWare/Blulet/refs/heads/master/media.blulet.org/packs/Pirate.png]
[raw.githubusercontent.com/BlacketWare/Blulet/refs/heads/master/media.blulet.org/packs/Wonderland.png]
[i.ibb.co/NRZR9Y7/174879546142970129.png]
[i.ibb.co/HLzcXHNc/174879543664897582-3.png]
[chocolet1.glitch.me/market.html]
[i.ibb.co/PBS0myf/auction.png]
[chocolet1.glitch.me/auction.html]
[i.ibb.co/1YdfVB6n/Screenshot-2025-06-01-1-06-41-AM.png]
[chocolet1.glitch.me/blooks.html]
[cdn.jsdelivr.net/gh/Browncha023/Vengeance@1.2.0/other/2048go.min.2b.delayed]
[cdn.jsdelivr.net/gh/Browncha023/Vengeance@1.2.0/other/circloO.min.js]
[cdn.jsdelivr.net/gh/Browncha023/Vengeance@1.2.0/other/pio.min.js]
[cdn.jsdelivr.net/gh/Browncha023/Vengeance@1.2.0/other/stack.min.js]
[cdn.jsdelivr.net/gh/Browncha023/Vengeance@1.2.0/other/cd.min.js]
[cdn.jsdelivr.net/gh/Browncha023/Vengeance@1.2.0/other/ts.min.js]
[cdn.jsdelivr.net/gh/Browncha023/Vengeance@1.2.0/other/dj.min.js]
[cdn.jsdelivr.net/gh/iygiyfg/assets/slope.js]
[cdn.jsdelivr.net/gh/iygiyfg/assets/run.js]
[i.ibb.co/GFBVgvX/Run-OG-logo.jpg]
[cdn.jsdelivr.net/gh/iygiyfg/assets/run2.js]
[cdn.jsdelivr.net/gh/iygiyfg/assets/run3.js]
[cdn.jsdelivr.net/gh/iygiyfg/assets/supersmash.js]
[i.ibb.co/NYywVHm/supersmash.jpg]
[cdn.jsdelivr.net/gh/iygiyfg/assets/supersmashbrosflash2.js]
[chocolet1.glitch.me/minigames.html]
[chocolet1.glitch.me/settings.html]
[chocolet1.glitch.me/stats.html]
[chocolet1.glitch.me/triangulet/index.html]
[cdn.jsdelivr.net/gh/Browncha023/Vengeance@1.2.0/other/2048go.min.js]
[cdn.jsdelivr.net/gh/Browncha023/Vengeance@1.2.0/other/circloO.min.js]
[site-assets.fontawesome.com/releases/v6.7.2/css/all.css]
[site-assets.fontawesome.com/releases/v6.7.2/css/all.css]
